
> certifyflow-next@0.1.0 build D:\SAAS_Certify\certifyflow-next
> next build

Γû▓ Next.js 16.1.6 (Turbopack)
- Environments: .env.local

node.exe : ΓÜá The 
"middleware" file 
convention is 
deprecated. Please 
use "proxy" instead. 
Learn more: https://ne
xtjs.org/docs/messages
/middleware-to-proxy
At C:\Users\star\AppDa
ta\Roaming\npm\pnpm.ps
1:24 char:5
+     & "node$exe"  "$
basedir/node_modules/p
npm/bin/pnpm.cjs" 
$args
+     ~~~~~~~~~~~~~~~~
~~~~~~~~~~~~~~~~~~~~~~
~~~~~~~~~~~~~~~~~~~~~~
~
    + CategoryInfo    
          : NotSpeci  
  fied: (ΓÜá The "m   
 iddle...leware-to    
-proxy:String) []    
, RemoteException
    + FullyQualifiedE 
   rrorId : NativeCo  
  mmandError
 
  Creating an optimized production build ...

> Build error occurred
Error: Turbopack 
build failed with 3 
errors:
./lib/supabase/server.
ts:2:1
Ecmascript file had 
an error
[0m [90m 1 |[39m 
[36mimport[39m { 
createServerClient } 
[36mfrom[39m [32m'@
supabase/ssr'[39m
[31m[1m>[22m[39m[
90m 2 |[39m 
[36mimport[39m { 
cookies } 
[36mfrom[39m [32m'n
ext/headers'[39m
 [90m   |[39m [31m
[1m^[22m[39m[31m[1
m^[22m[39m[31m[1m^
[22m[39m[31m[1m^[
22m[39m[31m[1m^[22
m[39m[31m[1m^[22m
[39m[31m[1m^[22m[3
9m[31m[1m^[22m[39m
[31m[1m^[22m[39m[
31m[1m^[22m[39m[31
m[1m^[22m[39m[31m
[1m^[22m[39m[31m[1
m^[22m[39m[31m[1m^
[22m[39m[31m[1m^[
22m[39m[31m[1m^[22
m[39m[31m[1m^[22m
[39m[31m[1m^[22m[3
9m[31m[1m^[22m[39m
[31m[1m^[22m[39m[
31m[1m^[22m[39m[31
m[1m^[22m[39m[31m
[1m^[22m[39m[31m[1
m^[22m[39m[31m[1m^
[22m[39m[31m[1m^[
22m[39m[31m[1m^[22
m[39m[31m[1m^[22m
[39m[31m[1m^[22m[3
9m[31m[1m^[22m[39m
[31m[1m^[22m[39m[
31m[1m^[22m[39m[31
m[1m^[22m[39m[31m
[1m^[22m[39m[31m[1
m^[22m[39m[31m[1m^
[22m[39m[31m[1m^[
22m[39m[31m[1m^[22
m[39m
 [90m 3 |[39m
 [90m 4 |[39m 
[36mexport[39m 
[36masync[39m 
[36mfunction[39m 
createClient() {
 [90m 5 |[39m     
[36mconst[39m 
cookieStore 
[33m=[39m 
[36mawait[39m 
cookies()[0m

You're importing a 
component that needs 
"next/headers". That 
only works in a 
Server Component 
which is not 
supported in the 
pages/ directory. 
Read more: https://nex
tjs.org/docs/app/build
ing-your-application/r
endering/server-compon
ents



Import traces:
  App Route:
    ./lib/supabase/ser
ver.ts
    ./app/api/campaign
s/route.ts

  Server Component:
    ./lib/supabase/ser
ver.ts
    ./lib/services/cam
paignService.ts
    ./app/dashboard/pa
ge.tsx

  Client Component 
Browser:
    ./lib/supabase/ser
ver.ts [Client 
Component Browser]
    ./lib/auth.ts 
[Client Component 
Browser]
    ./components/dashb
oard/index/Dashboard.j
sx [Client Component 
Browser]
    ./components/dashb
oard/index/Dashboard.j
sx [Server Component]
    ./app/dashboard/pa
ge.tsx [Server 
Component]

  Client Component 
SSR:
    ./lib/supabase/ser
ver.ts [Client 
Component SSR]
    ./lib/auth.ts 
[Client Component SSR]
    ./components/dashb
oard/index/Dashboard.j
sx [Client Component 
SSR]
    ./components/dashb
oard/index/Dashboard.j
sx [Server Component]
    ./app/dashboard/pa
ge.tsx [Server 
Component]


./components/dashboard
/index/Dashboard.jsx:3
9:1
Module not found: 
Can't resolve '../../s
hared/CampaignModal'
[0m [90m 37 |[39m 
[36mimport[39m { [3
3mDropdownMenu[39m[3
3m,[39m [33mDropdown
MenuContent[39m[33m,
[39m [33mDropdownMen
uItem[39m[33m,[39m 
[33mDropdownMenuTrigg
er[39m } 
[36mfrom[39m [32m"@
/components/ui/dropdow
n-menu"[39m
 [90m 38 |[39m 
[36mimport[39m [33m
DashboardNavbar[39m 
[36mfrom[39m [32m".
./../shared/DashboardN
avbar"[39m
[31m[1m>[22m[39m[
90m 39 |[39m 
[36mimport[39m [33m
CampaignModal[39m 
[36mfrom[39m [32m".
./../shared/CampaignMo
dal"[39m
 [90m    |[39m [31m
[1m^[22m[39m[31m[
1m^[22m[39m[31m[1m
^[22m[39m[31m[1m^
[22m[39m[31m[1m^[2
2m[39m[31m[1m^[22m
[39m[31m[1m^[22m[
39m[31m[1m^[22m[39
m[31m[1m^[22m[39m
[31m[1m^[22m[39m[3
1m[1m^[22m[39m[31m
[1m^[22m[39m[31m[
1m^[22m[39m[31m[1m
^[22m[39m[31m[1m^
[22m[39m[31m[1m^[2
2m[39m[31m[1m^[22m
[39m[31m[1m^[22m[
39m[31m[1m^[22m[39
m[31m[1m^[22m[39m
[31m[1m^[22m[39m[3
1m[1m^[22m[39m[31m
[1m^[22m[39m[31m[
1m^[22m[39m[31m[1m
^[22m[39m[31m[1m^
[22m[39m[31m[1m^[2
2m[39m[31m[1m^[22m
[39m[31m[1m^[22m[
39m[31m[1m^[22m[39
m[31m[1m^[22m[39m
[31m[1m^[22m[39m[3
1m[1m^[22m[39m[31m
[1m^[22m[39m[31m[
1m^[22m[39m[31m[1m
^[22m[39m[31m[1m^
[22m[39m[31m[1m^[2
2m[39m[31m[1m^[22m
[39m[31m[1m^[22m[
39m[31m[1m^[22m[39
m[31m[1m^[22m[39m
[31m[1m^[22m[39m[3
1m[1m^[22m[39m[31m
[1m^[22m[39m[31m[
1m^[22m[39m[31m[1m
^[22m[39m[31m[1m^
[22m[39m[31m[1m^[2
2m[39m[31m[1m^[22m
[39m[31m[1m^[22m[
39m[31m[1m^[22m[39
m[31m[1m^[22m[39m
[31m[1m^[22m[39m
 [90m 40 |[39m
 [90m 41 |[39m 
[36mexport[39m 
[36mdefault[39m 
[36mfunction[39m 
[33mDashboard[39m({ 
initialUser[33m,[39m
 initialCampaigns[33m
,[39m initialStats 
}) {
 [90m 42 |[39m   
[36mconst[39m 
navigate [33m=[39m 
useRouter()[0m



Import trace:
  Server Component:
    ./components/dashb
oard/index/Dashboard.j
sx
    ./app/dashboard/pa
ge.tsx

https://nextjs.org/doc
s/messages/module-not-
found


./components/dashboard
/index/Dashboard.jsx:3
8:1
Module not found: 
Can't resolve '../../s
hared/DashboardNavbar'
[0m [90m 36 |[39m 
} [36mfrom[39m [32m
"@/components/ui/alert
-dialog"[39m
 [90m 37 |[39m 
[36mimport[39m { [3
3mDropdownMenu[39m[3
3m,[39m [33mDropdown
MenuContent[39m[33m,
[39m [33mDropdownMen
uItem[39m[33m,[39m 
[33mDropdownMenuTrigg
er[39m } 
[36mfrom[39m [32m"@
/components/ui/dropdow
n-menu"[39m
[31m[1m>[22m[39m[
90m 38 |[39m 
[36mimport[39m [33m
DashboardNavbar[39m 
[36mfrom[39m [32m".
./../shared/DashboardN
avbar"[39m
 [90m    |[39m [31m
[1m^[22m[39m[31m[
1m^[22m[39m[31m[1m
^[22m[39m[31m[1m^
[22m[39m[31m[1m^[2
2m[39m[31m[1m^[22m
[39m[31m[1m^[22m[
39m[31m[1m^[22m[39
m[31m[1m^[22m[39m
[31m[1m^[22m[39m[3
1m[1m^[22m[39m[31m
[1m^[22m[39m[31m[
1m^[22m[39m[31m[1m
^[22m[39m[31m[1m^
[22m[39m[31m[1m^[2
2m[39m[31m[1m^[22m
[39m[31m[1m^[22m[
39m[31m[1m^[22m[39
m[31m[1m^[22m[39m
[31m[1m^[22m[39m[3
1m[1m^[22m[39m[31m
[1m^[22m[39m[31m[
1m^[22m[39m[31m[1m
^[22m[39m[31m[1m^
[22m[39m[31m[1m^[2
2m[39m[31m[1m^[22m
[39m[31m[1m^[22m[
39m[31m[1m^[22m[39
m[31m[1m^[22m[39m
[31m[1m^[22m[39m[3
1m[1m^[22m[39m[31m
[1m^[22m[39m[31m[
1m^[22m[39m[31m[1m
^[22m[39m[31m[1m^
[22m[39m[31m[1m^[2
2m[39m[31m[1m^[22m
[39m[31m[1m^[22m[
39m[31m[1m^[22m[39
m[31m[1m^[22m[39m
[31m[1m^[22m[39m[3
1m[1m^[22m[39m[31m
[1m^[22m[39m[31m[
1m^[22m[39m[31m[1m
^[22m[39m[31m[1m^
[22m[39m[31m[1m^[2
2m[39m[31m[1m^[22m
[39m[31m[1m^[22m[
39m[31m[1m^[22m[39
m[31m[1m^[22m[39m
[31m[1m^[22m[39m[3
1m[1m^[22m[39m[31m
[1m^[22m[39m[31m[
1m^[22m[39m[31m[1m
^[22m[39m
 [90m 39 |[39m 
[36mimport[39m [33m
CampaignModal[39m 
[36mfrom[39m [32m".
./../shared/CampaignMo
dal"[39m
 [90m 40 |[39m
 [90m 41 |[39m 
[36mexport[39m 
[36mdefault[39m 
[36mfunction[39m 
[33mDashboard[39m({ 
initialUser[33m,[39m
 initialCampaigns[33m
,[39m initialStats 
}) {[0m



Import trace:
  Server Component:
    ./components/dashb
oard/index/Dashboard.j
sx
    ./app/dashboard/pa
ge.tsx

https://nextjs.org/doc
s/messages/module-not-
found


    at <unknown> (./li
b/supabase/server.ts:2
:1)
    at <unknown> (./co
mponents/dashboard/ind
ex/Dashboard.jsx:39:1)
    at <unknown> (http
s://nextjs.org/docs/me
ssages/module-not-foun
d)
    at <unknown> (./co
mponents/dashboard/ind
ex/Dashboard.jsx:38:1)
    at <unknown> (http
s://nextjs.org/docs/me
ssages/module-not-foun
d)
ΓÇëELIFECYCLEΓÇë Command failed with exit code 1.
